// Jest Snapshot v1, https://goo.gl/fbAQLP

exports[`IntroView renders without crashing 1`] = `ShallowWrapper {}`;
